============================= test session starts =============================
platform win32 -- Python 3.13.7, pytest-8.4.2, pluggy-1.6.0 -- C:\Users\30769\Desktop\comp0035-cw-Lychooo\.venv\Scripts\python.exe
cachedir: .pytest_cache
rootdir: C:\Users\30769\Desktop\comp0035-cw-Lychooo
configfile: pyproject.toml
collecting ... collected 12 items

tests/test_employment_record_db.py::test_get_by_year_returns_expected_records PASSED [  8%]
tests/test_employment_record_db.py::test_get_by_degree_returns_expected_records PASSED [ 16%]
tests/test_employment_record_db.py::test_get_latest_for_degree_returns_latest_by_year_id PASSED [ 25%]
tests/test_employment_record_db.py::test_get_by_year_invalid_year_id_raises PASSED [ 33%]
tests/test_employment_record_logic.py::test_has_valid_employment_rates_true PASSED [ 41%]
tests/test_employment_record_logic.py::test_has_valid_employment_rates_invalid_overall_false PASSED [ 50%]
tests/test_employment_record_logic.py::test_has_valid_employment_rates_invalid_ft_false PASSED [ 58%]
tests/test_employment_record_logic.py::test_has_valid_employment_rates_none_is_allowed PASSED [ 66%]
tests/test_employment_record_logic.py::test_has_non_negative_salaries_true PASSED [ 75%]
tests/test_employment_record_logic.py::test_has_non_negative_salaries_negative_false PASSED [ 83%]
tests/test_employment_record_logic.py::test_has_valid_percentile_order_true PASSED [ 91%]
tests/test_employment_record_logic.py::test_has_valid_percentile_order_false_when_violated PASSED [100%]

=================================== PASSES ====================================
=========================== short test summary info ===========================
PASSED tests/test_employment_record_db.py::test_get_by_year_returns_expected_records
PASSED tests/test_employment_record_db.py::test_get_by_degree_returns_expected_records
PASSED tests/test_employment_record_db.py::test_get_latest_for_degree_returns_latest_by_year_id
PASSED tests/test_employment_record_db.py::test_get_by_year_invalid_year_id_raises
PASSED tests/test_employment_record_logic.py::test_has_valid_employment_rates_true
PASSED tests/test_employment_record_logic.py::test_has_valid_employment_rates_invalid_overall_false
PASSED tests/test_employment_record_logic.py::test_has_valid_employment_rates_invalid_ft_false
PASSED tests/test_employment_record_logic.py::test_has_valid_employment_rates_none_is_allowed
PASSED tests/test_employment_record_logic.py::test_has_non_negative_salaries_true
PASSED tests/test_employment_record_logic.py::test_has_non_negative_salaries_negative_false
PASSED tests/test_employment_record_logic.py::test_has_valid_percentile_order_true
PASSED tests/test_employment_record_logic.py::test_has_valid_percentile_order_false_when_violated
============================= 12 passed in 0.03s ==============================
